Archive member included to satisfy reference by file (symbol)

c:/program files (x86)/atmel/studio/7.0/toolchain/avr8/avr8-gnu-toolchain/bin/../lib/gcc/avr/4.9.2/avr4\libgcc.a(_exit.o)
                              C:/Program Files (x86)/Atmel/Studio/7.0/Packs/atmel/ATmega_DFP/1.0.98/gcc/dev/atmega8/avr4/crtatmega8.o (exit)
c:/program files (x86)/atmel/studio/7.0/toolchain/avr8/avr8-gnu-toolchain/bin/../lib/gcc/avr/4.9.2/avr4\libgcc.a(_copy_data.o)
                              main.o (__do_copy_data)
c:/program files (x86)/atmel/studio/7.0/toolchain/avr8/avr8-gnu-toolchain/bin/../lib/gcc/avr/4.9.2/avr4\libgcc.a(_clear_bss.o)
                              main.o (__do_clear_bss)
c:/program files (x86)/atmel/studio/7.0/toolchain/avr8/avr8-gnu-toolchain/bin/../lib/gcc/avr/4.9.2/../../../../avr/lib/avr4\libc.a(itoa.o)
                              main.o (itoa)
c:/program files (x86)/atmel/studio/7.0/toolchain/avr8/avr8-gnu-toolchain/bin/../lib/gcc/avr/4.9.2/../../../../avr/lib/avr4\libc.a(itoa_ncheck.o)
                              c:/program files (x86)/atmel/studio/7.0/toolchain/avr8/avr8-gnu-toolchain/bin/../lib/gcc/avr/4.9.2/../../../../avr/lib/avr4\libc.a(itoa.o) (__itoa_ncheck)
c:/program files (x86)/atmel/studio/7.0/toolchain/avr8/avr8-gnu-toolchain/bin/../lib/gcc/avr/4.9.2/../../../../avr/lib/avr4\libc.a(utoa_ncheck.o)
                              c:/program files (x86)/atmel/studio/7.0/toolchain/avr8/avr8-gnu-toolchain/bin/../lib/gcc/avr/4.9.2/../../../../avr/lib/avr4\libc.a(itoa_ncheck.o) (__utoa_common)
c:/program files (x86)/atmel/studio/7.0/toolchain/avr8/avr8-gnu-toolchain/bin/../lib/gcc/avr/4.9.2/../../../../avr/lib/avr4\libc.a(strrev.o)
                              c:/program files (x86)/atmel/studio/7.0/toolchain/avr8/avr8-gnu-toolchain/bin/../lib/gcc/avr/4.9.2/../../../../avr/lib/avr4\libc.a(utoa_ncheck.o) (strrev)

Discarded input sections

 .data          0x00000000        0x0 C:/Program Files (x86)/Atmel/Studio/7.0/Packs/atmel/ATmega_DFP/1.0.98/gcc/dev/atmega8/avr4/crtatmega8.o
 .bss           0x00000000        0x0 C:/Program Files (x86)/Atmel/Studio/7.0/Packs/atmel/ATmega_DFP/1.0.98/gcc/dev/atmega8/avr4/crtatmega8.o
 .text          0x00000000        0x0 main.o
 .data          0x00000000        0x0 main.o
 .bss           0x00000000        0x0 main.o
 .text          0x00000000        0x0 sdk_atmega8/ADC.o
 .data          0x00000000        0x0 sdk_atmega8/ADC.o
 .bss           0x00000000        0x0 sdk_atmega8/ADC.o
 .text.ADC_WithoutInterrupt
                0x00000000        0xa sdk_atmega8/ADC.o
 .text.Read_ADC
                0x00000000       0x14 sdk_atmega8/ADC.o
 .text.adc_interrupcion_activa_init
                0x00000000        0xe sdk_atmega8/ADC.o
 .text.adc_enable_conversion
                0x00000000        0x4 sdk_atmega8/ADC.o
 .text.adc_enable_conversion_modo_funcionamiento_libre
                0x00000000        0x4 sdk_atmega8/ADC.o
 .debug_info    0x00000000      0x12f sdk_atmega8/ADC.o
 .debug_abbrev  0x00000000       0xac sdk_atmega8/ADC.o
 .debug_loc     0x00000000       0x21 sdk_atmega8/ADC.o
 .debug_aranges
                0x00000000       0x40 sdk_atmega8/ADC.o
 .debug_ranges  0x00000000       0x30 sdk_atmega8/ADC.o
 .debug_line    0x00000000       0xfd sdk_atmega8/ADC.o
 .debug_str     0x00000000      0x24a sdk_atmega8/ADC.o
 .comment       0x00000000       0x31 sdk_atmega8/ADC.o
 .debug_frame   0x00000000       0x64 sdk_atmega8/ADC.o
 .text          0x00000000        0x0 sdk_atmega8/I2C.o
 .data          0x00000000        0x0 sdk_atmega8/I2C.o
 .bss           0x00000000        0x0 sdk_atmega8/I2C.o
 .text          0x00000000        0x0 sdk_atmega8/INT_EXT.o
 .data          0x00000000        0x0 sdk_atmega8/INT_EXT.o
 .bss           0x00000000        0x0 sdk_atmega8/INT_EXT.o
 .text.int0_init
                0x00000000       0x10 sdk_atmega8/INT_EXT.o
 .text.int1_init
                0x00000000       0x10 sdk_atmega8/INT_EXT.o
 .debug_info    0x00000000       0x99 sdk_atmega8/INT_EXT.o
 .debug_abbrev  0x00000000       0x51 sdk_atmega8/INT_EXT.o
 .debug_aranges
                0x00000000       0x28 sdk_atmega8/INT_EXT.o
 .debug_ranges  0x00000000       0x18 sdk_atmega8/INT_EXT.o
 .debug_line    0x00000000       0xbc sdk_atmega8/INT_EXT.o
 .debug_str     0x00000000      0x1a3 sdk_atmega8/INT_EXT.o
 .comment       0x00000000       0x31 sdk_atmega8/INT_EXT.o
 .debug_frame   0x00000000       0x34 sdk_atmega8/INT_EXT.o
 .text          0x00000000        0x0 sdk_atmega8/LCD_4Bits_I2C.o
 .data          0x00000000        0x0 sdk_atmega8/LCD_4Bits_I2C.o
 .bss           0x00000000        0x0 sdk_atmega8/LCD_4Bits_I2C.o
 .text.lcd_return_home
                0x00000000        0x6 sdk_atmega8/LCD_4Bits_I2C.o
 .text.lcd_entry_mode_set
                0x00000000        0x6 sdk_atmega8/LCD_4Bits_I2C.o
 .text.lcd_display_on
                0x00000000       0x10 sdk_atmega8/LCD_4Bits_I2C.o
 .text.lcd_display_off
                0x00000000        0x6 sdk_atmega8/LCD_4Bits_I2C.o
 .text.funtion_set_4bits_1lines_5x10puntos
                0x00000000        0x6 sdk_atmega8/LCD_4Bits_I2C.o
 .text.lcd_desplazar_pantalla_izquierda
                0x00000000        0x6 sdk_atmega8/LCD_4Bits_I2C.o
 .text.lcd_desplazar_pantalla_derecha
                0x00000000        0x6 sdk_atmega8/LCD_4Bits_I2C.o
 .text          0x00000000        0x0 sdk_atmega8/RTC.o
 .data          0x00000000        0x0 sdk_atmega8/RTC.o
 .bss           0x00000000        0x0 sdk_atmega8/RTC.o
 .text.rtc_write
                0x00000000       0x2a sdk_atmega8/RTC.o
 .text.rtc_get_min_seg_formato_bin_decena
                0x00000000        0x6 sdk_atmega8/RTC.o
 .text.rtc_get_min_seg_formato_bin_unidad
                0x00000000        0x4 sdk_atmega8/RTC.o
 .text.rtc_get_hora
                0x00000000        0x6 sdk_atmega8/RTC.o
 .text.rtc_hora_is_PM
                0x00000000        0x8 sdk_atmega8/RTC.o
 .text.rtc_get_dia_del_mes
                0x00000000        0x8 sdk_atmega8/RTC.o
 .text.rtc_get_dia_semana
                0x00000000        0x6 sdk_atmega8/RTC.o
 .text.rtc_get_mes_anio
                0x00000000       0x1e sdk_atmega8/RTC.o
 .text.rtc_get_anio
                0x00000000       0x1e sdk_atmega8/RTC.o
 .text.rtc_set_segundos
                0x00000000        0x2 sdk_atmega8/RTC.o
 .text.rtc_set_minutos
                0x00000000        0x2 sdk_atmega8/RTC.o
 .text.rtc_set_horas
                0x00000000        0x2 sdk_atmega8/RTC.o
 .text          0x00000000        0x0 sdk_atmega8/Servo.o
 .data          0x00000000        0x0 sdk_atmega8/Servo.o
 .bss           0x00000000        0x0 sdk_atmega8/Servo.o
 .text.Servo_180
                0x00000000       0x58 sdk_atmega8/Servo.o
 .text.Servo_360
                0x00000000       0x2e sdk_atmega8/Servo.o
 .debug_info    0x00000000      0x1c9 sdk_atmega8/Servo.o
 .debug_abbrev  0x00000000      0x103 sdk_atmega8/Servo.o
 .debug_loc     0x00000000       0x36 sdk_atmega8/Servo.o
 .debug_aranges
                0x00000000       0x28 sdk_atmega8/Servo.o
 .debug_ranges  0x00000000       0x18 sdk_atmega8/Servo.o
 .debug_line    0x00000000      0x15a sdk_atmega8/Servo.o
 .debug_str     0x00000000      0x1f5 sdk_atmega8/Servo.o
 .comment       0x00000000       0x31 sdk_atmega8/Servo.o
 .debug_frame   0x00000000       0x34 sdk_atmega8/Servo.o
 .text          0x00000000        0x0 sdk_atmega8/Sleep.o
 .data          0x00000000        0x0 sdk_atmega8/Sleep.o
 .bss           0x00000000        0x0 sdk_atmega8/Sleep.o
 .text.Sleep_example
                0x00000000       0x48 sdk_atmega8/Sleep.o
 .debug_info    0x00000000      0x10a sdk_atmega8/Sleep.o
 .debug_abbrev  0x00000000       0xc2 sdk_atmega8/Sleep.o
 .debug_aranges
                0x00000000       0x20 sdk_atmega8/Sleep.o
 .debug_ranges  0x00000000       0x10 sdk_atmega8/Sleep.o
 .debug_line    0x00000000      0x150 sdk_atmega8/Sleep.o
 .debug_str     0x00000000      0x1e6 sdk_atmega8/Sleep.o
 .comment       0x00000000       0x31 sdk_atmega8/Sleep.o
 .debug_frame   0x00000000       0x24 sdk_atmega8/Sleep.o
 .text          0x00000000        0x0 sdk_atmega8/teclado4x4.o
 .data          0x00000000        0x0 sdk_atmega8/teclado4x4.o
 .bss           0x00000000        0x0 sdk_atmega8/teclado4x4.o
 .text.teclado_init_puertos
                0x00000000        0x6 sdk_atmega8/teclado4x4.o
 .rodata.str1.1
                0x00000000        0x6 sdk_atmega8/teclado4x4.o
 .text.teclado_scan
                0x00000000       0xba sdk_atmega8/teclado4x4.o
 .rodata        0x00000000       0x10 sdk_atmega8/teclado4x4.o
 .text.teclado_get_key
                0x00000000       0x74 sdk_atmega8/teclado4x4.o
 .debug_info    0x00000000      0x218 sdk_atmega8/teclado4x4.o
 .debug_abbrev  0x00000000      0x157 sdk_atmega8/teclado4x4.o
 .debug_loc     0x00000000      0x212 sdk_atmega8/teclado4x4.o
 .debug_aranges
                0x00000000       0x30 sdk_atmega8/teclado4x4.o
 .debug_ranges  0x00000000       0x20 sdk_atmega8/teclado4x4.o
 .debug_line    0x00000000      0x16f sdk_atmega8/teclado4x4.o
 .debug_str     0x00000000      0x252 sdk_atmega8/teclado4x4.o
 .comment       0x00000000       0x31 sdk_atmega8/teclado4x4.o
 .debug_frame   0x00000000       0x74 sdk_atmega8/teclado4x4.o
 .text          0x00000000        0x0 sdk_atmega8/Timers.o
 .data          0x00000000        0x0 sdk_atmega8/Timers.o
 .bss           0x00000000        0x0 sdk_atmega8/Timers.o
 .text.timer0_init_modo_normal
                0x00000000       0x16 sdk_atmega8/Timers.o
 .text.timer2_init_modo_normal
                0x00000000       0x30 sdk_atmega8/Timers.o
 .text.timer2_init_modo_pwm_rapido
                0x00000000       0x3e sdk_atmega8/Timers.o
 .text.timer2_desactivar
                0x00000000        0x8 sdk_atmega8/Timers.o
 .text.Timer2_CTCMode
                0x00000000       0x24 sdk_atmega8/Timers.o
 .text.Timer1_CTCMode_WithInterrupt
                0x00000000       0x26 sdk_atmega8/Timers.o
 .text.Timer1_CTCMode_NonPWM
                0x00000000       0x24 sdk_atmega8/Timers.o
 .text          0x00000000        0x0 sdk_atmega8/USART.o
 .data          0x00000000        0x0 sdk_atmega8/USART.o
 .bss           0x00000000        0x0 sdk_atmega8/USART.o
 .text.USART_transmit
                0x00000000        0x8 sdk_atmega8/USART.o
 .text.USART_transmit_string
                0x00000000       0x3a sdk_atmega8/USART.o
 .text          0x00000000        0x0 sdk_atmega8/WDT.o
 .data          0x00000000        0x0 sdk_atmega8/WDT.o
 .bss           0x00000000        0x0 sdk_atmega8/WDT.o
 .text.WDT_example
                0x00000000       0x3c sdk_atmega8/WDT.o
 .debug_info    0x00000000      0x149 sdk_atmega8/WDT.o
 .debug_abbrev  0x00000000       0xf6 sdk_atmega8/WDT.o
 .debug_loc     0x00000000       0x46 sdk_atmega8/WDT.o
 .debug_aranges
                0x00000000       0x20 sdk_atmega8/WDT.o
 .debug_ranges  0x00000000       0x10 sdk_atmega8/WDT.o
 .debug_line    0x00000000      0x196 sdk_atmega8/WDT.o
 .debug_str     0x00000000      0x1fc sdk_atmega8/WDT.o
 .comment       0x00000000       0x31 sdk_atmega8/WDT.o
 .debug_frame   0x00000000       0x24 sdk_atmega8/WDT.o
 .text          0x00000000        0x0 c:/program files (x86)/atmel/studio/7.0/toolchain/avr8/avr8-gnu-toolchain/bin/../lib/gcc/avr/4.9.2/avr4\libgcc.a(_exit.o)
 .data          0x00000000        0x0 c:/program files (x86)/atmel/studio/7.0/toolchain/avr8/avr8-gnu-toolchain/bin/../lib/gcc/avr/4.9.2/avr4\libgcc.a(_exit.o)
 .bss           0x00000000        0x0 c:/program files (x86)/atmel/studio/7.0/toolchain/avr8/avr8-gnu-toolchain/bin/../lib/gcc/avr/4.9.2/avr4\libgcc.a(_exit.o)
 .text.libgcc.mul
                0x00000000        0x0 c:/program files (x86)/atmel/studio/7.0/toolchain/avr8/avr8-gnu-toolchain/bin/../lib/gcc/avr/4.9.2/avr4\libgcc.a(_exit.o)
 .text.libgcc.div
                0x00000000        0x0 c:/program files (x86)/atmel/studio/7.0/toolchain/avr8/avr8-gnu-toolchain/bin/../lib/gcc/avr/4.9.2/avr4\libgcc.a(_exit.o)
 .text.libgcc   0x00000000        0x0 c:/program files (x86)/atmel/studio/7.0/toolchain/avr8/avr8-gnu-toolchain/bin/../lib/gcc/avr/4.9.2/avr4\libgcc.a(_exit.o)
 .text.libgcc.prologue
                0x00000000        0x0 c:/program files (x86)/atmel/studio/7.0/toolchain/avr8/avr8-gnu-toolchain/bin/../lib/gcc/avr/4.9.2/avr4\libgcc.a(_exit.o)
 .text.libgcc.builtins
                0x00000000        0x0 c:/program files (x86)/atmel/studio/7.0/toolchain/avr8/avr8-gnu-toolchain/bin/../lib/gcc/avr/4.9.2/avr4\libgcc.a(_exit.o)
 .text.libgcc.fmul
                0x00000000        0x0 c:/program files (x86)/atmel/studio/7.0/toolchain/avr8/avr8-gnu-toolchain/bin/../lib/gcc/avr/4.9.2/avr4\libgcc.a(_exit.o)
 .text.libgcc.fixed
                0x00000000        0x0 c:/program files (x86)/atmel/studio/7.0/toolchain/avr8/avr8-gnu-toolchain/bin/../lib/gcc/avr/4.9.2/avr4\libgcc.a(_exit.o)
 .text          0x00000000        0x0 c:/program files (x86)/atmel/studio/7.0/toolchain/avr8/avr8-gnu-toolchain/bin/../lib/gcc/avr/4.9.2/avr4\libgcc.a(_copy_data.o)
 .data          0x00000000        0x0 c:/program files (x86)/atmel/studio/7.0/toolchain/avr8/avr8-gnu-toolchain/bin/../lib/gcc/avr/4.9.2/avr4\libgcc.a(_copy_data.o)
 .bss           0x00000000        0x0 c:/program files (x86)/atmel/studio/7.0/toolchain/avr8/avr8-gnu-toolchain/bin/../lib/gcc/avr/4.9.2/avr4\libgcc.a(_copy_data.o)
 .text.libgcc.mul
                0x00000000        0x0 c:/program files (x86)/atmel/studio/7.0/toolchain/avr8/avr8-gnu-toolchain/bin/../lib/gcc/avr/4.9.2/avr4\libgcc.a(_copy_data.o)
 .text.libgcc.div
                0x00000000        0x0 c:/program files (x86)/atmel/studio/7.0/toolchain/avr8/avr8-gnu-toolchain/bin/../lib/gcc/avr/4.9.2/avr4\libgcc.a(_copy_data.o)
 .text.libgcc   0x00000000        0x0 c:/program files (x86)/atmel/studio/7.0/toolchain/avr8/avr8-gnu-toolchain/bin/../lib/gcc/avr/4.9.2/avr4\libgcc.a(_copy_data.o)
 .text.libgcc.prologue
                0x00000000        0x0 c:/program files (x86)/atmel/studio/7.0/toolchain/avr8/avr8-gnu-toolchain/bin/../lib/gcc/avr/4.9.2/avr4\libgcc.a(_copy_data.o)
 .text.libgcc.builtins
                0x00000000        0x0 c:/program files (x86)/atmel/studio/7.0/toolchain/avr8/avr8-gnu-toolchain/bin/../lib/gcc/avr/4.9.2/avr4\libgcc.a(_copy_data.o)
 .text.libgcc.fmul
                0x00000000        0x0 c:/program files (x86)/atmel/studio/7.0/toolchain/avr8/avr8-gnu-toolchain/bin/../lib/gcc/avr/4.9.2/avr4\libgcc.a(_copy_data.o)
 .text.libgcc.fixed
                0x00000000        0x0 c:/program files (x86)/atmel/studio/7.0/toolchain/avr8/avr8-gnu-toolchain/bin/../lib/gcc/avr/4.9.2/avr4\libgcc.a(_copy_data.o)
 .text          0x00000000        0x0 c:/program files (x86)/atmel/studio/7.0/toolchain/avr8/avr8-gnu-toolchain/bin/../lib/gcc/avr/4.9.2/avr4\libgcc.a(_clear_bss.o)
 .data          0x00000000        0x0 c:/program files (x86)/atmel/studio/7.0/toolchain/avr8/avr8-gnu-toolchain/bin/../lib/gcc/avr/4.9.2/avr4\libgcc.a(_clear_bss.o)
 .bss           0x00000000        0x0 c:/program files (x86)/atmel/studio/7.0/toolchain/avr8/avr8-gnu-toolchain/bin/../lib/gcc/avr/4.9.2/avr4\libgcc.a(_clear_bss.o)
 .text.libgcc.mul
                0x00000000        0x0 c:/program files (x86)/atmel/studio/7.0/toolchain/avr8/avr8-gnu-toolchain/bin/../lib/gcc/avr/4.9.2/avr4\libgcc.a(_clear_bss.o)
 .text.libgcc.div
                0x00000000        0x0 c:/program files (x86)/atmel/studio/7.0/toolchain/avr8/avr8-gnu-toolchain/bin/../lib/gcc/avr/4.9.2/avr4\libgcc.a(_clear_bss.o)
 .text.libgcc   0x00000000        0x0 c:/program files (x86)/atmel/studio/7.0/toolchain/avr8/avr8-gnu-toolchain/bin/../lib/gcc/avr/4.9.2/avr4\libgcc.a(_clear_bss.o)
 .text.libgcc.prologue
                0x00000000        0x0 c:/program files (x86)/atmel/studio/7.0/toolchain/avr8/avr8-gnu-toolchain/bin/../lib/gcc/avr/4.9.2/avr4\libgcc.a(_clear_bss.o)
 .text.libgcc.builtins
                0x00000000        0x0 c:/program files (x86)/atmel/studio/7.0/toolchain/avr8/avr8-gnu-toolchain/bin/../lib/gcc/avr/4.9.2/avr4\libgcc.a(_clear_bss.o)
 .text.libgcc.fmul
                0x00000000        0x0 c:/program files (x86)/atmel/studio/7.0/toolchain/avr8/avr8-gnu-toolchain/bin/../lib/gcc/avr/4.9.2/avr4\libgcc.a(_clear_bss.o)
 .text.libgcc.fixed
                0x00000000        0x0 c:/program files (x86)/atmel/studio/7.0/toolchain/avr8/avr8-gnu-toolchain/bin/../lib/gcc/avr/4.9.2/avr4\libgcc.a(_clear_bss.o)
 .text          0x00000000        0x0 c:/program files (x86)/atmel/studio/7.0/toolchain/avr8/avr8-gnu-toolchain/bin/../lib/gcc/avr/4.9.2/../../../../avr/lib/avr4\libc.a(itoa.o)
 .data          0x00000000        0x0 c:/program files (x86)/atmel/studio/7.0/toolchain/avr8/avr8-gnu-toolchain/bin/../lib/gcc/avr/4.9.2/../../../../avr/lib/avr4\libc.a(itoa.o)
 .bss           0x00000000        0x0 c:/program files (x86)/atmel/studio/7.0/toolchain/avr8/avr8-gnu-toolchain/bin/../lib/gcc/avr/4.9.2/../../../../avr/lib/avr4\libc.a(itoa.o)
 .text          0x00000000        0x0 c:/program files (x86)/atmel/studio/7.0/toolchain/avr8/avr8-gnu-toolchain/bin/../lib/gcc/avr/4.9.2/../../../../avr/lib/avr4\libc.a(itoa_ncheck.o)
 .data          0x00000000        0x0 c:/program files (x86)/atmel/studio/7.0/toolchain/avr8/avr8-gnu-toolchain/bin/../lib/gcc/avr/4.9.2/../../../../avr/lib/avr4\libc.a(itoa_ncheck.o)
 .bss           0x00000000        0x0 c:/program files (x86)/atmel/studio/7.0/toolchain/avr8/avr8-gnu-toolchain/bin/../lib/gcc/avr/4.9.2/../../../../avr/lib/avr4\libc.a(itoa_ncheck.o)
 .text          0x00000000        0x0 c:/program files (x86)/atmel/studio/7.0/toolchain/avr8/avr8-gnu-toolchain/bin/../lib/gcc/avr/4.9.2/../../../../avr/lib/avr4\libc.a(utoa_ncheck.o)
 .data          0x00000000        0x0 c:/program files (x86)/atmel/studio/7.0/toolchain/avr8/avr8-gnu-toolchain/bin/../lib/gcc/avr/4.9.2/../../../../avr/lib/avr4\libc.a(utoa_ncheck.o)
 .bss           0x00000000        0x0 c:/program files (x86)/atmel/studio/7.0/toolchain/avr8/avr8-gnu-toolchain/bin/../lib/gcc/avr/4.9.2/../../../../avr/lib/avr4\libc.a(utoa_ncheck.o)
 .text          0x00000000        0x0 c:/program files (x86)/atmel/studio/7.0/toolchain/avr8/avr8-gnu-toolchain/bin/../lib/gcc/avr/4.9.2/../../../../avr/lib/avr4\libc.a(strrev.o)
 .data          0x00000000        0x0 c:/program files (x86)/atmel/studio/7.0/toolchain/avr8/avr8-gnu-toolchain/bin/../lib/gcc/avr/4.9.2/../../../../avr/lib/avr4\libc.a(strrev.o)
 .bss           0x00000000        0x0 c:/program files (x86)/atmel/studio/7.0/toolchain/avr8/avr8-gnu-toolchain/bin/../lib/gcc/avr/4.9.2/../../../../avr/lib/avr4\libc.a(strrev.o)

Memory Configuration

Name             Origin             Length             Attributes
text             0x00000000         0x00002000         xr
data             0x00800060         0x0000ffa0         rw !x
eeprom           0x00810000         0x00010000         rw !x
fuse             0x00820000         0x00000400         rw !x
lock             0x00830000         0x00000400         rw !x
signature        0x00840000         0x00000400         rw !x
user_signatures  0x00850000         0x00000400         rw !x
*default*        0x00000000         0xffffffff

Linker script and memory map

LOAD C:/Program Files (x86)/Atmel/Studio/7.0/Packs/atmel/ATmega_DFP/1.0.98/gcc/dev/atmega8/avr4/crtatmega8.o
LOAD main.o
LOAD sdk_atmega8/ADC.o
LOAD sdk_atmega8/I2C.o
LOAD sdk_atmega8/INT_EXT.o
LOAD sdk_atmega8/LCD_4Bits_I2C.o
LOAD sdk_atmega8/RTC.o
LOAD sdk_atmega8/Servo.o
LOAD sdk_atmega8/Sleep.o
LOAD sdk_atmega8/teclado4x4.o
LOAD sdk_atmega8/Timers.o
LOAD sdk_atmega8/USART.o
LOAD sdk_atmega8/WDT.o
START GROUP
LOAD c:/program files (x86)/atmel/studio/7.0/toolchain/avr8/avr8-gnu-toolchain/bin/../lib/gcc/avr/4.9.2/../../../../avr/lib/avr4\libm.a
END GROUP
START GROUP
LOAD c:/program files (x86)/atmel/studio/7.0/toolchain/avr8/avr8-gnu-toolchain/bin/../lib/gcc/avr/4.9.2/avr4\libgcc.a
LOAD c:/program files (x86)/atmel/studio/7.0/toolchain/avr8/avr8-gnu-toolchain/bin/../lib/gcc/avr/4.9.2/../../../../avr/lib/avr4\libm.a
LOAD c:/program files (x86)/atmel/studio/7.0/toolchain/avr8/avr8-gnu-toolchain/bin/../lib/gcc/avr/4.9.2/../../../../avr/lib/avr4\libc.a
LOAD C:/Program Files (x86)/Atmel/Studio/7.0/Packs/atmel/ATmega_DFP/1.0.98/gcc/dev/atmega8/avr4\libatmega8.a
END GROUP

.hash
 *(.hash)

.dynsym
 *(.dynsym)

.dynstr
 *(.dynstr)

.gnu.version
 *(.gnu.version)

.gnu.version_d
 *(.gnu.version_d)

.gnu.version_r
 *(.gnu.version_r)

.rel.init
 *(.rel.init)

.rela.init
 *(.rela.init)

.rel.text
 *(.rel.text)
 *(.rel.text.*)
 *(.rel.gnu.linkonce.t*)

.rela.text
 *(.rela.text)
 *(.rela.text.*)
 *(.rela.gnu.linkonce.t*)

.rel.fini
 *(.rel.fini)

.rela.fini
 *(.rela.fini)

.rel.rodata
 *(.rel.rodata)
 *(.rel.rodata.*)
 *(.rel.gnu.linkonce.r*)

.rela.rodata
 *(.rela.rodata)
 *(.rela.rodata.*)
 *(.rela.gnu.linkonce.r*)

.rel.data
 *(.rel.data)
 *(.rel.data.*)
 *(.rel.gnu.linkonce.d*)

.rela.data
 *(.rela.data)
 *(.rela.data.*)
 *(.rela.gnu.linkonce.d*)

.rel.ctors
 *(.rel.ctors)

.rela.ctors
 *(.rela.ctors)

.rel.dtors
 *(.rel.dtors)

.rela.dtors
 *(.rela.dtors)

.rel.got
 *(.rel.got)

.rela.got
 *(.rela.got)

.rel.bss
 *(.rel.bss)

.rela.bss
 *(.rela.bss)

.rel.plt
 *(.rel.plt)

.rela.plt
 *(.rela.plt)

.text           0x00000000      0x546
 *(.vectors)
 .vectors       0x00000000       0x26 C:/Program Files (x86)/Atmel/Studio/7.0/Packs/atmel/ATmega_DFP/1.0.98/gcc/dev/atmega8/avr4/crtatmega8.o
                0x00000000                __vector_default
                0x00000000                __vectors
 *(.vectors)
 *(.progmem.gcc*)
                0x00000026                . = ALIGN (0x2)
                0x00000026                __trampolines_start = .
 *(.trampolines)
 .trampolines   0x00000026        0x0 linker stubs
 *(.trampolines*)
                0x00000026                __trampolines_end = .
 *(.progmem*)
                0x00000026                . = ALIGN (0x2)
 *(.jumptables)
 *(.jumptables*)
 *(.lowtext)
 *(.lowtext*)
                0x00000026                __ctors_start = .
 *(.ctors)
                0x00000026                __ctors_end = .
                0x00000026                __dtors_start = .
 *(.dtors)
                0x00000026                __dtors_end = .
 SORT(*)(.ctors)
 SORT(*)(.dtors)
 *(.init0)
 .init0         0x00000026        0x0 C:/Program Files (x86)/Atmel/Studio/7.0/Packs/atmel/ATmega_DFP/1.0.98/gcc/dev/atmega8/avr4/crtatmega8.o
                0x00000026                __init
 *(.init0)
 *(.init1)
 *(.init1)
 *(.init2)
 .init2         0x00000026        0xc C:/Program Files (x86)/Atmel/Studio/7.0/Packs/atmel/ATmega_DFP/1.0.98/gcc/dev/atmega8/avr4/crtatmega8.o
 *(.init2)
 *(.init3)
 *(.init3)
 *(.init4)
 .init4         0x00000032       0x16 c:/program files (x86)/atmel/studio/7.0/toolchain/avr8/avr8-gnu-toolchain/bin/../lib/gcc/avr/4.9.2/avr4\libgcc.a(_copy_data.o)
                0x00000032                __do_copy_data
 .init4         0x00000048       0x10 c:/program files (x86)/atmel/studio/7.0/toolchain/avr8/avr8-gnu-toolchain/bin/../lib/gcc/avr/4.9.2/avr4\libgcc.a(_clear_bss.o)
                0x00000048                __do_clear_bss
 *(.init4)
 *(.init5)
 *(.init5)
 *(.init6)
 *(.init6)
 *(.init7)
 *(.init7)
 *(.init8)
 *(.init8)
 *(.init9)
 .init9         0x00000058        0x4 C:/Program Files (x86)/Atmel/Studio/7.0/Packs/atmel/ATmega_DFP/1.0.98/gcc/dev/atmega8/avr4/crtatmega8.o
 *(.init9)
 *(.text)
 .text          0x0000005c        0x2 C:/Program Files (x86)/Atmel/Studio/7.0/Packs/atmel/ATmega_DFP/1.0.98/gcc/dev/atmega8/avr4/crtatmega8.o
                0x0000005c                __vector_1
                0x0000005c                __vector_12
                0x0000005c                __bad_interrupt
                0x0000005c                __vector_6
                0x0000005c                __vector_3
                0x0000005c                __vector_11
                0x0000005c                __vector_13
                0x0000005c                __vector_17
                0x0000005c                __vector_7
                0x0000005c                __vector_5
                0x0000005c                __vector_4
                0x0000005c                __vector_9
                0x0000005c                __vector_2
                0x0000005c                __vector_15
                0x0000005c                __vector_8
                0x0000005c                __vector_14
                0x0000005c                __vector_10
                0x0000005c                __vector_16
                0x0000005c                __vector_18
                0x0000005e                . = ALIGN (0x2)
 *(.text.*)
 .text.carro_girar_izquierda
                0x0000005e       0x44 main.o
                0x0000005e                carro_girar_izquierda
 .text.carro_girar_derecha
                0x000000a2       0x44 main.o
                0x000000a2                carro_girar_derecha
 .text.carro_frenar
                0x000000e6        0xa main.o
                0x000000e6                carro_frenar
 .text.carro_avanzar
                0x000000f0        0xa main.o
                0x000000f0                carro_avanzar
 .text.carro_acelerar
                0x000000fa       0x18 main.o
                0x000000fa                carro_acelerar
 .text.carro_retroceder
                0x00000112        0xa main.o
                0x00000112                carro_retroceder
 .text.carro_reversa
                0x0000011c       0x18 main.o
                0x0000011c                carro_reversa
 .text.main     0x00000134      0x152 main.o
                0x00000134                main
 .text.read_i2c
                0x00000286        0xe sdk_atmega8/I2C.o
                0x00000286                read_i2c
 .text.I2C_init
                0x00000294       0x14 sdk_atmega8/I2C.o
                0x00000294                I2C_init
 .text.I2C_START
                0x000002a8        0xc sdk_atmega8/I2C.o
                0x000002a8                I2C_START
 .text.I2C_STOP
                0x000002b4       0x12 sdk_atmega8/I2C.o
                0x000002b4                I2C_STOP
 .text.I2C_WRITE
                0x000002c6        0xe sdk_atmega8/I2C.o
                0x000002c6                I2C_WRITE
 .text.lcd_init
                0x000002d4       0x76 sdk_atmega8/LCD_4Bits_I2C.o
                0x000002d4                lcd_init
 .text.lcd_data
                0x0000034a       0x44 sdk_atmega8/LCD_4Bits_I2C.o
                0x0000034a                lcd_data
 .text.lcd_write_string
                0x0000038e       0x1c sdk_atmega8/LCD_4Bits_I2C.o
                0x0000038e                lcd_write_string
 .text.lcd_cmd  0x000003aa       0x40 sdk_atmega8/LCD_4Bits_I2C.o
                0x000003aa                lcd_cmd
 .text.lcd_clear
                0x000003ea        0x6 sdk_atmega8/LCD_4Bits_I2C.o
                0x000003ea                lcd_clear
 .text.funtion_set_4bits_2lines_5x10puntos
                0x000003f0        0x6 sdk_atmega8/LCD_4Bits_I2C.o
                0x000003f0                funtion_set_4bits_2lines_5x10puntos
 .text.lcd_set_posicion_cursor
                0x000003f6       0x12 sdk_atmega8/LCD_4Bits_I2C.o
                0x000003f6                lcd_set_posicion_cursor
 .text.lcd_start
                0x00000408       0x12 sdk_atmega8/LCD_4Bits_I2C.o
                0x00000408                lcd_start
 .text.rtc_read
                0x0000041a       0x20 sdk_atmega8/RTC.o
                0x0000041a                rtc_read
 .text.rtc_init
                0x0000043a        0xa sdk_atmega8/RTC.o
                0x0000043a                rtc_init
 .text.rtc_get_segundos
                0x00000444       0x10 sdk_atmega8/RTC.o
                0x00000444                rtc_get_segundos
 .text.rtc_get_minutos
                0x00000454       0x10 sdk_atmega8/RTC.o
                0x00000454                rtc_get_minutos
 .text.Timer1_FasPWMMode
                0x00000464       0x24 sdk_atmega8/Timers.o
                0x00000464                Timer1_FasPWMMode
 .text.USART_receive
                0x00000488        0x8 sdk_atmega8/USART.o
                0x00000488                USART_receive
 .text.USART_init
                0x00000490       0x38 sdk_atmega8/USART.o
                0x00000490                USART_init
 .text.avr-libc
                0x000004c8       0x14 c:/program files (x86)/atmel/studio/7.0/toolchain/avr8/avr8-gnu-toolchain/bin/../lib/gcc/avr/4.9.2/../../../../avr/lib/avr4\libc.a(itoa.o)
                0x000004c8                __itoa
                0x000004c8                itoa
 .text.avr-libc
                0x000004dc       0x14 c:/program files (x86)/atmel/studio/7.0/toolchain/avr8/avr8-gnu-toolchain/bin/../lib/gcc/avr/4.9.2/../../../../avr/lib/avr4\libc.a(itoa_ncheck.o)
                0x000004dc                __itoa_ncheck
 .text.avr-libc
                0x000004f0       0x32 c:/program files (x86)/atmel/studio/7.0/toolchain/avr8/avr8-gnu-toolchain/bin/../lib/gcc/avr/4.9.2/../../../../avr/lib/avr4\libc.a(utoa_ncheck.o)
                0x000004f0                __utoa_ncheck
                0x000004f2                __utoa_common
 .text.avr-libc
                0x00000522       0x20 c:/program files (x86)/atmel/studio/7.0/toolchain/avr8/avr8-gnu-toolchain/bin/../lib/gcc/avr/4.9.2/../../../../avr/lib/avr4\libc.a(strrev.o)
                0x00000522                strrev
                0x00000542                . = ALIGN (0x2)
 *(.fini9)
 .fini9         0x00000542        0x0 c:/program files (x86)/atmel/studio/7.0/toolchain/avr8/avr8-gnu-toolchain/bin/../lib/gcc/avr/4.9.2/avr4\libgcc.a(_exit.o)
                0x00000542                _exit
                0x00000542                exit
 *(.fini9)
 *(.fini8)
 *(.fini8)
 *(.fini7)
 *(.fini7)
 *(.fini6)
 *(.fini6)
 *(.fini5)
 *(.fini5)
 *(.fini4)
 *(.fini4)
 *(.fini3)
 *(.fini3)
 *(.fini2)
 *(.fini2)
 *(.fini1)
 *(.fini1)
 *(.fini0)
 .fini0         0x00000542        0x4 c:/program files (x86)/atmel/studio/7.0/toolchain/avr8/avr8-gnu-toolchain/bin/../lib/gcc/avr/4.9.2/avr4\libgcc.a(_exit.o)
 *(.fini0)
                0x00000546                _etext = .

.data           0x00800060       0x26 load address 0x00000546
                0x00800060                PROVIDE (__data_start, .)
 *(.data)
 *(.data*)
 .data.FirstColumn
                0x00800060        0x2 sdk_atmega8/LCD_4Bits_I2C.o
                0x00800060                FirstColumn
 *(.rodata)
 *(.rodata*)
 .rodata.str1.1
                0x00800062       0x23 main.o
                                 0x25 (size before relaxing)
 *(.gnu.linkonce.d*)
                0x00800086                . = ALIGN (0x2)
 *fill*         0x00800085        0x1 
                0x00800086                _edata = .
                0x00800086                PROVIDE (__data_end, .)

.bss            0x00800086        0x2
                0x00800086                PROVIDE (__bss_start, .)
 *(.bss)
 *(.bss*)
 .bss.esta_corriendo
                0x00800086        0x1 main.o
                0x00800086                esta_corriendo
 .bss.velocidad
                0x00800087        0x1 main.o
                0x00800087                velocidad
 *(COMMON)
                0x00800088                PROVIDE (__bss_end, .)
                0x00000546                __data_load_start = LOADADDR (.data)
                0x0000056c                __data_load_end = (__data_load_start + SIZEOF (.data))

.noinit         0x00800088        0x0
                0x00800088                PROVIDE (__noinit_start, .)
 *(.noinit*)
                0x00800088                PROVIDE (__noinit_end, .)
                0x00800088                _end = .
                0x00800088                PROVIDE (__heap_start, .)

.eeprom         0x00810000        0x0
 *(.eeprom*)
                0x00810000                __eeprom_end = .

.fuse
 *(.fuse)
 *(.lfuse)
 *(.hfuse)
 *(.efuse)

.lock
 *(.lock*)

.signature
 *(.signature*)

.user_signatures
 *(.user_signatures*)

.stab
 *(.stab)

.stabstr
 *(.stabstr)

.stab.excl
 *(.stab.excl)

.stab.exclstr
 *(.stab.exclstr)

.stab.index
 *(.stab.index)

.stab.indexstr
 *(.stab.indexstr)

.comment        0x00000000       0x30
 *(.comment)
 .comment       0x00000000       0x30 main.o
                                 0x31 (size before relaxing)
 .comment       0x00000030       0x31 sdk_atmega8/I2C.o
 .comment       0x00000030       0x31 sdk_atmega8/LCD_4Bits_I2C.o
 .comment       0x00000030       0x31 sdk_atmega8/RTC.o
 .comment       0x00000030       0x31 sdk_atmega8/Timers.o
 .comment       0x00000030       0x31 sdk_atmega8/USART.o

.note.gnu.avr.deviceinfo
                0x00000000       0x3c
 .note.gnu.avr.deviceinfo
                0x00000000       0x3c C:/Program Files (x86)/Atmel/Studio/7.0/Packs/atmel/ATmega_DFP/1.0.98/gcc/dev/atmega8/avr4/crtatmega8.o

.note.gnu.build-id
 *(.note.gnu.build-id)

.debug
 *(.debug)

.line
 *(.line)

.debug_srcinfo
 *(.debug_srcinfo)

.debug_sfnames
 *(.debug_sfnames)

.debug_aranges  0x00000000      0x250
 *(.debug_aranges)
 .debug_aranges
                0x00000000       0x58 main.o
 .debug_aranges
                0x00000058       0x40 sdk_atmega8/I2C.o
 .debug_aranges
                0x00000098       0x90 sdk_atmega8/LCD_4Bits_I2C.o
 .debug_aranges
                0x00000128       0x98 sdk_atmega8/RTC.o
 .debug_aranges
                0x000001c0       0x58 sdk_atmega8/Timers.o
 .debug_aranges
                0x00000218       0x38 sdk_atmega8/USART.o

.debug_pubnames
 *(.debug_pubnames)

.debug_info     0x00000000     0x1c35
 *(.debug_info .gnu.linkonce.wi.*)
 .debug_info    0x00000000      0x74a main.o
 .debug_info    0x0000074a      0x1dd sdk_atmega8/I2C.o
 .debug_info    0x00000927      0x811 sdk_atmega8/LCD_4Bits_I2C.o
 .debug_info    0x00001138      0x781 sdk_atmega8/RTC.o
 .debug_info    0x000018b9      0x1db sdk_atmega8/Timers.o
 .debug_info    0x00001a94      0x1a1 sdk_atmega8/USART.o

.debug_abbrev   0x00000000      0x94c
 *(.debug_abbrev)
 .debug_abbrev  0x00000000      0x207 main.o
 .debug_abbrev  0x00000207      0x14f sdk_atmega8/I2C.o
 .debug_abbrev  0x00000356      0x1e9 sdk_atmega8/LCD_4Bits_I2C.o
 .debug_abbrev  0x0000053f      0x24f sdk_atmega8/RTC.o
 .debug_abbrev  0x0000078e       0xb7 sdk_atmega8/Timers.o
 .debug_abbrev  0x00000845      0x107 sdk_atmega8/USART.o

.debug_line     0x00000000      0xaf0
 *(.debug_line .debug_line.* .debug_line_end)
 .debug_line    0x00000000      0x259 main.o
 .debug_line    0x00000259      0x171 sdk_atmega8/I2C.o
 .debug_line    0x000003ca      0x287 sdk_atmega8/LCD_4Bits_I2C.o
 .debug_line    0x00000651      0x244 sdk_atmega8/RTC.o
 .debug_line    0x00000895      0x165 sdk_atmega8/Timers.o
 .debug_line    0x000009fa       0xf6 sdk_atmega8/USART.o

.debug_frame    0x00000000      0x454
 *(.debug_frame)
 .debug_frame   0x00000000       0xa4 main.o
 .debug_frame   0x000000a4       0x64 sdk_atmega8/I2C.o
 .debug_frame   0x00000108      0x128 sdk_atmega8/LCD_4Bits_I2C.o
 .debug_frame   0x00000230      0x128 sdk_atmega8/RTC.o
 .debug_frame   0x00000358       0x94 sdk_atmega8/Timers.o
 .debug_frame   0x000003ec       0x68 sdk_atmega8/USART.o

.debug_str      0x00000000      0xb4a
 *(.debug_str)
 .debug_str     0x00000000      0x417 main.o
                                0x450 (size before relaxing)
 .debug_str     0x00000417       0xf4 sdk_atmega8/I2C.o
                                0x2b5 (size before relaxing)
 .debug_str     0x0000050b      0x10f sdk_atmega8/LCD_4Bits_I2C.o
                                0x3d8 (size before relaxing)
 .debug_str     0x0000061a      0x2a9 sdk_atmega8/RTC.o
                                0x55c (size before relaxing)
 .debug_str     0x000008c3      0x21e sdk_atmega8/Timers.o
                                0x3af (size before relaxing)
 .debug_str     0x00000ae1       0x69 sdk_atmega8/USART.o
                                0x2d7 (size before relaxing)

.debug_loc      0x00000000      0x9c3
 *(.debug_loc)
 .debug_loc     0x00000000      0x252 main.o
 .debug_loc     0x00000252       0x5a sdk_atmega8/I2C.o
 .debug_loc     0x000002ac      0x1ee sdk_atmega8/LCD_4Bits_I2C.o
 .debug_loc     0x0000049a      0x325 sdk_atmega8/RTC.o
 .debug_loc     0x000007bf       0x63 sdk_atmega8/Timers.o
 .debug_loc     0x00000822      0x1a1 sdk_atmega8/USART.o

.debug_macinfo
 *(.debug_macinfo)

.debug_weaknames
 *(.debug_weaknames)

.debug_funcnames
 *(.debug_funcnames)

.debug_typenames
 *(.debug_typenames)

.debug_varnames
 *(.debug_varnames)

.debug_pubtypes
 *(.debug_pubtypes)

.debug_ranges   0x00000000      0x1f0
 *(.debug_ranges)
 .debug_ranges  0x00000000       0x48 main.o
 .debug_ranges  0x00000048       0x30 sdk_atmega8/I2C.o
 .debug_ranges  0x00000078       0x80 sdk_atmega8/LCD_4Bits_I2C.o
 .debug_ranges  0x000000f8       0x88 sdk_atmega8/RTC.o
 .debug_ranges  0x00000180       0x48 sdk_atmega8/Timers.o
 .debug_ranges  0x000001c8       0x28 sdk_atmega8/USART.o

.debug_macro
 *(.debug_macro)
OUTPUT(Carro.elf elf32-avr)
LOAD linker stubs
