Archive member included to satisfy reference by file (symbol)

c:/program files (x86)/atmel/studio/7.0/toolchain/avr8/avr8-gnu-toolchain/bin/../lib/gcc/avr/4.9.2/avr4\libgcc.a(_divmodhi4.o)
                              sdk_atmega8/teclado4x4.o (__divmodhi4)
c:/program files (x86)/atmel/studio/7.0/toolchain/avr8/avr8-gnu-toolchain/bin/../lib/gcc/avr/4.9.2/avr4\libgcc.a(_exit.o)
                              C:/Program Files (x86)/Atmel/Studio/7.0/Packs/atmel/ATmega_DFP/1.0.106/gcc/dev/atmega8/avr4/crtatmega8.o (exit)
c:/program files (x86)/atmel/studio/7.0/toolchain/avr8/avr8-gnu-toolchain/bin/../lib/gcc/avr/4.9.2/avr4\libgcc.a(_copy_data.o)
                              main.o (__do_copy_data)
c:/program files (x86)/atmel/studio/7.0/toolchain/avr8/avr8-gnu-toolchain/bin/../lib/gcc/avr/4.9.2/avr4\libgcc.a(_clear_bss.o)
                              main.o (__do_clear_bss)
c:/program files (x86)/atmel/studio/7.0/toolchain/avr8/avr8-gnu-toolchain/bin/../lib/gcc/avr/4.9.2/avr4\libgcc.a(_udivmodhi4.o)
                              c:/program files (x86)/atmel/studio/7.0/toolchain/avr8/avr8-gnu-toolchain/bin/../lib/gcc/avr/4.9.2/avr4\libgcc.a(_divmodhi4.o) (__udivmodhi4)

Allocating common symbols
Common symbol       size              file

contador            0x2               sdk_atmega8/Sleep.o

Discarded input sections

 .data          0x00000000        0x0 C:/Program Files (x86)/Atmel/Studio/7.0/Packs/atmel/ATmega_DFP/1.0.106/gcc/dev/atmega8/avr4/crtatmega8.o
 .bss           0x00000000        0x0 C:/Program Files (x86)/Atmel/Studio/7.0/Packs/atmel/ATmega_DFP/1.0.106/gcc/dev/atmega8/avr4/crtatmega8.o
 .text          0x00000000        0x0 main.o
 .data          0x00000000        0x0 main.o
 .bss           0x00000000        0x0 main.o
 .avr.prop      0x00000000       0x16 main.o
 .text          0x00000000        0x0 sdk_atmega8/ADC.o
 .data          0x00000000        0x0 sdk_atmega8/ADC.o
 .bss           0x00000000        0x0 sdk_atmega8/ADC.o
 .text.ADC_WithoutInterrupt
                0x00000000        0xa sdk_atmega8/ADC.o
 .text.Read_ADC
                0x00000000       0x14 sdk_atmega8/ADC.o
 .text.adc_interrupcion_activa_init
                0x00000000        0xe sdk_atmega8/ADC.o
 .text.adc_enable_conversion
                0x00000000        0x4 sdk_atmega8/ADC.o
 .text.adc_enable_conversion_modo_funcionamiento_libre
                0x00000000        0x4 sdk_atmega8/ADC.o
 .comment       0x00000000       0x31 sdk_atmega8/ADC.o
 .text          0x00000000        0x0 sdk_atmega8/I2C.o
 .data          0x00000000        0x0 sdk_atmega8/I2C.o
 .bss           0x00000000        0x0 sdk_atmega8/I2C.o
 .text.read_i2c
                0x00000000        0xe sdk_atmega8/I2C.o
 .text.I2C_init
                0x00000000       0x14 sdk_atmega8/I2C.o
 .text.I2C_START
                0x00000000        0xc sdk_atmega8/I2C.o
 .text.I2C_STOP
                0x00000000       0x12 sdk_atmega8/I2C.o
 .text.I2C_WRITE
                0x00000000        0xe sdk_atmega8/I2C.o
 .comment       0x00000000       0x31 sdk_atmega8/I2C.o
 .text          0x00000000        0x0 sdk_atmega8/INT_EXT.o
 .data          0x00000000        0x0 sdk_atmega8/INT_EXT.o
 .bss           0x00000000        0x0 sdk_atmega8/INT_EXT.o
 .text.int0_init
                0x00000000       0x10 sdk_atmega8/INT_EXT.o
 .text.int1_init
                0x00000000       0x10 sdk_atmega8/INT_EXT.o
 .comment       0x00000000       0x31 sdk_atmega8/INT_EXT.o
 .text          0x00000000        0x0 sdk_atmega8/LCD_4Bits_I2C.o
 .data          0x00000000        0x0 sdk_atmega8/LCD_4Bits_I2C.o
 .bss           0x00000000        0x0 sdk_atmega8/LCD_4Bits_I2C.o
 .text.lcd_init
                0x00000000       0x74 sdk_atmega8/LCD_4Bits_I2C.o
 .text.lcd_data
                0x00000000       0x44 sdk_atmega8/LCD_4Bits_I2C.o
 .text.lcd_write_string
                0x00000000       0x16 sdk_atmega8/LCD_4Bits_I2C.o
 .text.lcd_cmd  0x00000000       0x44 sdk_atmega8/LCD_4Bits_I2C.o
 .text.lcd_clear
                0x00000000        0x4 sdk_atmega8/LCD_4Bits_I2C.o
 .text.lcd_return_home
                0x00000000        0x4 sdk_atmega8/LCD_4Bits_I2C.o
 .text.lcd_entry_mode_set
                0x00000000        0x4 sdk_atmega8/LCD_4Bits_I2C.o
 .text.lcd_display_on
                0x00000000        0xc sdk_atmega8/LCD_4Bits_I2C.o
 .text.lcd_display_off
                0x00000000        0x4 sdk_atmega8/LCD_4Bits_I2C.o
 .text.funtion_set_4bits_2lines_5x10puntos
                0x00000000        0x4 sdk_atmega8/LCD_4Bits_I2C.o
 .text.funtion_set_4bits_1lines_5x10puntos
                0x00000000        0x4 sdk_atmega8/LCD_4Bits_I2C.o
 .text.lcd_desplazar_pantalla_izquierda
                0x00000000        0x4 sdk_atmega8/LCD_4Bits_I2C.o
 .text.lcd_desplazar_pantalla_derecha
                0x00000000        0x4 sdk_atmega8/LCD_4Bits_I2C.o
 .text.lcd_set_posicion_cursor
                0x00000000       0x10 sdk_atmega8/LCD_4Bits_I2C.o
 .text.lcd_start
                0x00000000       0x10 sdk_atmega8/LCD_4Bits_I2C.o
 .data.FirstColumn
                0x00000000        0x2 sdk_atmega8/LCD_4Bits_I2C.o
 .comment       0x00000000       0x31 sdk_atmega8/LCD_4Bits_I2C.o
 .text          0x00000000        0x0 sdk_atmega8/RTC.o
 .data          0x00000000        0x0 sdk_atmega8/RTC.o
 .bss           0x00000000        0x0 sdk_atmega8/RTC.o
 .text.rtc_write
                0x00000000       0x38 sdk_atmega8/RTC.o
 .text.rtc_read
                0x00000000       0x30 sdk_atmega8/RTC.o
 .text.rtc_init
                0x00000000        0x8 sdk_atmega8/RTC.o
 .text.rtc_set_fecha
                0x00000000        0x2 sdk_atmega8/RTC.o
 .text.rtc_get_min_seg_formato_bin_decena
                0x00000000        0x6 sdk_atmega8/RTC.o
 .text.rtc_get_min_seg_formato_bin_unidad
                0x00000000        0x4 sdk_atmega8/RTC.o
 .text.rtc_imprimir_segundos
                0x00000000       0x1a sdk_atmega8/RTC.o
 .text.rtc_imprimir_minutos
                0x00000000       0x1a sdk_atmega8/RTC.o
 .text.rtc_imprimir_hora
                0x00000000        0x4 sdk_atmega8/RTC.o
 .text.rtc_hora_is_PM
                0x00000000        0x8 sdk_atmega8/RTC.o
 .text.rtc_get_dia_del_mes
                0x00000000        0x8 sdk_atmega8/RTC.o
 .text.rtc_get_dia_semana
                0x00000000        0x4 sdk_atmega8/RTC.o
 .text.rtc_get_mes_anio
                0x00000000       0x18 sdk_atmega8/RTC.o
 .text.rtc_get_anio
                0x00000000       0x18 sdk_atmega8/RTC.o
 .text.rtc_set_segundos
                0x00000000        0xe sdk_atmega8/RTC.o
 .text.rtc_set_minutos
                0x00000000        0xe sdk_atmega8/RTC.o
 .text.rtc_set_horas
                0x00000000       0x2a sdk_atmega8/RTC.o
 .text.rtc_set_hora
                0x00000000       0x3c sdk_atmega8/RTC.o
 .comment       0x00000000       0x31 sdk_atmega8/RTC.o
 .text          0x00000000        0x0 sdk_atmega8/Servo.o
 .data          0x00000000        0x0 sdk_atmega8/Servo.o
 .bss           0x00000000        0x0 sdk_atmega8/Servo.o
 .text.Servo_180
                0x00000000       0x50 sdk_atmega8/Servo.o
 .text.Servo_360
                0x00000000       0x2e sdk_atmega8/Servo.o
 .comment       0x00000000       0x31 sdk_atmega8/Servo.o
 .text          0x00000000        0x0 sdk_atmega8/Sleep.o
 .data          0x00000000        0x0 sdk_atmega8/Sleep.o
 .bss           0x00000000        0x0 sdk_atmega8/Sleep.o
 .text.inicia_sleep
                0x00000000       0x20 sdk_atmega8/Sleep.o
 .comment       0x00000000       0x31 sdk_atmega8/Sleep.o
 COMMON         0x00000000        0x2 sdk_atmega8/Sleep.o
 .text          0x00000000        0x0 sdk_atmega8/teclado4x4.o
 .data          0x00000000        0x0 sdk_atmega8/teclado4x4.o
 .bss           0x00000000        0x0 sdk_atmega8/teclado4x4.o
 .text.teclado_init_puertos
                0x00000000        0x6 sdk_atmega8/teclado4x4.o
 .rodata.str1.1
                0x00000000        0x6 sdk_atmega8/teclado4x4.o
 .text.teclado_scan
                0x00000000       0xb6 sdk_atmega8/teclado4x4.o
 .rodata        0x00000000       0x10 sdk_atmega8/teclado4x4.o
 .text.teclado_get_key
                0x00000000       0x74 sdk_atmega8/teclado4x4.o
 .comment       0x00000000       0x31 sdk_atmega8/teclado4x4.o
 .text          0x00000000        0x0 sdk_atmega8/Timers.o
 .data          0x00000000        0x0 sdk_atmega8/Timers.o
 .bss           0x00000000        0x0 sdk_atmega8/Timers.o
 .text.timer0_init_modo_normal
                0x00000000       0x16 sdk_atmega8/Timers.o
 .text.timer2_init_modo_normal
                0x00000000       0x30 sdk_atmega8/Timers.o
 .text.timer2_init_modo_pwm_rapido
                0x00000000       0x3e sdk_atmega8/Timers.o
 .text.timer2_desactivar
                0x00000000        0x8 sdk_atmega8/Timers.o
 .text.Timer2_CTCMode
                0x00000000       0x24 sdk_atmega8/Timers.o
 .text.Timer1_CTCMode_WithInterrupt
                0x00000000       0x26 sdk_atmega8/Timers.o
 .text.Timer1_CTCMode_NonPWM
                0x00000000       0x24 sdk_atmega8/Timers.o
 .text          0x00000000        0x0 sdk_atmega8/USART.o
 .data          0x00000000        0x0 sdk_atmega8/USART.o
 .bss           0x00000000        0x0 sdk_atmega8/USART.o
 .text.USART_transmit
                0x00000000        0x8 sdk_atmega8/USART.o
 .text.USART_transmit_string
                0x00000000       0x28 sdk_atmega8/USART.o
 .text          0x00000000        0x0 sdk_atmega8/WDT.o
 .data          0x00000000        0x0 sdk_atmega8/WDT.o
 .bss           0x00000000        0x0 sdk_atmega8/WDT.o
 .text.WDT_example
                0x00000000       0x38 sdk_atmega8/WDT.o
 .comment       0x00000000       0x31 sdk_atmega8/WDT.o
 .text          0x00000000        0x0 c:/program files (x86)/atmel/studio/7.0/toolchain/avr8/avr8-gnu-toolchain/bin/../lib/gcc/avr/4.9.2/avr4\libgcc.a(_divmodhi4.o)
 .data          0x00000000        0x0 c:/program files (x86)/atmel/studio/7.0/toolchain/avr8/avr8-gnu-toolchain/bin/../lib/gcc/avr/4.9.2/avr4\libgcc.a(_divmodhi4.o)
 .bss           0x00000000        0x0 c:/program files (x86)/atmel/studio/7.0/toolchain/avr8/avr8-gnu-toolchain/bin/../lib/gcc/avr/4.9.2/avr4\libgcc.a(_divmodhi4.o)
 .text.libgcc.mul
                0x00000000        0x0 c:/program files (x86)/atmel/studio/7.0/toolchain/avr8/avr8-gnu-toolchain/bin/../lib/gcc/avr/4.9.2/avr4\libgcc.a(_divmodhi4.o)
 .text.libgcc.div
                0x00000000       0x26 c:/program files (x86)/atmel/studio/7.0/toolchain/avr8/avr8-gnu-toolchain/bin/../lib/gcc/avr/4.9.2/avr4\libgcc.a(_divmodhi4.o)
 .text.libgcc   0x00000000        0x0 c:/program files (x86)/atmel/studio/7.0/toolchain/avr8/avr8-gnu-toolchain/bin/../lib/gcc/avr/4.9.2/avr4\libgcc.a(_divmodhi4.o)
 .text.libgcc.prologue
                0x00000000        0x0 c:/program files (x86)/atmel/studio/7.0/toolchain/avr8/avr8-gnu-toolchain/bin/../lib/gcc/avr/4.9.2/avr4\libgcc.a(_divmodhi4.o)
 .text.libgcc.builtins
                0x00000000        0x0 c:/program files (x86)/atmel/studio/7.0/toolchain/avr8/avr8-gnu-toolchain/bin/../lib/gcc/avr/4.9.2/avr4\libgcc.a(_divmodhi4.o)
 .text.libgcc.fmul
                0x00000000        0x0 c:/program files (x86)/atmel/studio/7.0/toolchain/avr8/avr8-gnu-toolchain/bin/../lib/gcc/avr/4.9.2/avr4\libgcc.a(_divmodhi4.o)
 .text.libgcc.fixed
                0x00000000        0x0 c:/program files (x86)/atmel/studio/7.0/toolchain/avr8/avr8-gnu-toolchain/bin/../lib/gcc/avr/4.9.2/avr4\libgcc.a(_divmodhi4.o)
 .text          0x00000000        0x0 c:/program files (x86)/atmel/studio/7.0/toolchain/avr8/avr8-gnu-toolchain/bin/../lib/gcc/avr/4.9.2/avr4\libgcc.a(_exit.o)
 .data          0x00000000        0x0 c:/program files (x86)/atmel/studio/7.0/toolchain/avr8/avr8-gnu-toolchain/bin/../lib/gcc/avr/4.9.2/avr4\libgcc.a(_exit.o)
 .bss           0x00000000        0x0 c:/program files (x86)/atmel/studio/7.0/toolchain/avr8/avr8-gnu-toolchain/bin/../lib/gcc/avr/4.9.2/avr4\libgcc.a(_exit.o)
 .text.libgcc.mul
                0x00000000        0x0 c:/program files (x86)/atmel/studio/7.0/toolchain/avr8/avr8-gnu-toolchain/bin/../lib/gcc/avr/4.9.2/avr4\libgcc.a(_exit.o)
 .text.libgcc.div
                0x00000000        0x0 c:/program files (x86)/atmel/studio/7.0/toolchain/avr8/avr8-gnu-toolchain/bin/../lib/gcc/avr/4.9.2/avr4\libgcc.a(_exit.o)
 .text.libgcc   0x00000000        0x0 c:/program files (x86)/atmel/studio/7.0/toolchain/avr8/avr8-gnu-toolchain/bin/../lib/gcc/avr/4.9.2/avr4\libgcc.a(_exit.o)
 .text.libgcc.prologue
                0x00000000        0x0 c:/program files (x86)/atmel/studio/7.0/toolchain/avr8/avr8-gnu-toolchain/bin/../lib/gcc/avr/4.9.2/avr4\libgcc.a(_exit.o)
 .text.libgcc.builtins
                0x00000000        0x0 c:/program files (x86)/atmel/studio/7.0/toolchain/avr8/avr8-gnu-toolchain/bin/../lib/gcc/avr/4.9.2/avr4\libgcc.a(_exit.o)
 .text.libgcc.fmul
                0x00000000        0x0 c:/program files (x86)/atmel/studio/7.0/toolchain/avr8/avr8-gnu-toolchain/bin/../lib/gcc/avr/4.9.2/avr4\libgcc.a(_exit.o)
 .text.libgcc.fixed
                0x00000000        0x0 c:/program files (x86)/atmel/studio/7.0/toolchain/avr8/avr8-gnu-toolchain/bin/../lib/gcc/avr/4.9.2/avr4\libgcc.a(_exit.o)
 .text          0x00000000        0x0 c:/program files (x86)/atmel/studio/7.0/toolchain/avr8/avr8-gnu-toolchain/bin/../lib/gcc/avr/4.9.2/avr4\libgcc.a(_copy_data.o)
 .data          0x00000000        0x0 c:/program files (x86)/atmel/studio/7.0/toolchain/avr8/avr8-gnu-toolchain/bin/../lib/gcc/avr/4.9.2/avr4\libgcc.a(_copy_data.o)
 .bss           0x00000000        0x0 c:/program files (x86)/atmel/studio/7.0/toolchain/avr8/avr8-gnu-toolchain/bin/../lib/gcc/avr/4.9.2/avr4\libgcc.a(_copy_data.o)
 .text.libgcc.mul
                0x00000000        0x0 c:/program files (x86)/atmel/studio/7.0/toolchain/avr8/avr8-gnu-toolchain/bin/../lib/gcc/avr/4.9.2/avr4\libgcc.a(_copy_data.o)
 .text.libgcc.div
                0x00000000        0x0 c:/program files (x86)/atmel/studio/7.0/toolchain/avr8/avr8-gnu-toolchain/bin/../lib/gcc/avr/4.9.2/avr4\libgcc.a(_copy_data.o)
 .text.libgcc   0x00000000        0x0 c:/program files (x86)/atmel/studio/7.0/toolchain/avr8/avr8-gnu-toolchain/bin/../lib/gcc/avr/4.9.2/avr4\libgcc.a(_copy_data.o)
 .text.libgcc.prologue
                0x00000000        0x0 c:/program files (x86)/atmel/studio/7.0/toolchain/avr8/avr8-gnu-toolchain/bin/../lib/gcc/avr/4.9.2/avr4\libgcc.a(_copy_data.o)
 .text.libgcc.builtins
                0x00000000        0x0 c:/program files (x86)/atmel/studio/7.0/toolchain/avr8/avr8-gnu-toolchain/bin/../lib/gcc/avr/4.9.2/avr4\libgcc.a(_copy_data.o)
 .text.libgcc.fmul
                0x00000000        0x0 c:/program files (x86)/atmel/studio/7.0/toolchain/avr8/avr8-gnu-toolchain/bin/../lib/gcc/avr/4.9.2/avr4\libgcc.a(_copy_data.o)
 .text.libgcc.fixed
                0x00000000        0x0 c:/program files (x86)/atmel/studio/7.0/toolchain/avr8/avr8-gnu-toolchain/bin/../lib/gcc/avr/4.9.2/avr4\libgcc.a(_copy_data.o)
 .text          0x00000000        0x0 c:/program files (x86)/atmel/studio/7.0/toolchain/avr8/avr8-gnu-toolchain/bin/../lib/gcc/avr/4.9.2/avr4\libgcc.a(_clear_bss.o)
 .data          0x00000000        0x0 c:/program files (x86)/atmel/studio/7.0/toolchain/avr8/avr8-gnu-toolchain/bin/../lib/gcc/avr/4.9.2/avr4\libgcc.a(_clear_bss.o)
 .bss           0x00000000        0x0 c:/program files (x86)/atmel/studio/7.0/toolchain/avr8/avr8-gnu-toolchain/bin/../lib/gcc/avr/4.9.2/avr4\libgcc.a(_clear_bss.o)
 .text.libgcc.mul
                0x00000000        0x0 c:/program files (x86)/atmel/studio/7.0/toolchain/avr8/avr8-gnu-toolchain/bin/../lib/gcc/avr/4.9.2/avr4\libgcc.a(_clear_bss.o)
 .text.libgcc.div
                0x00000000        0x0 c:/program files (x86)/atmel/studio/7.0/toolchain/avr8/avr8-gnu-toolchain/bin/../lib/gcc/avr/4.9.2/avr4\libgcc.a(_clear_bss.o)
 .text.libgcc   0x00000000        0x0 c:/program files (x86)/atmel/studio/7.0/toolchain/avr8/avr8-gnu-toolchain/bin/../lib/gcc/avr/4.9.2/avr4\libgcc.a(_clear_bss.o)
 .text.libgcc.prologue
                0x00000000        0x0 c:/program files (x86)/atmel/studio/7.0/toolchain/avr8/avr8-gnu-toolchain/bin/../lib/gcc/avr/4.9.2/avr4\libgcc.a(_clear_bss.o)
 .text.libgcc.builtins
                0x00000000        0x0 c:/program files (x86)/atmel/studio/7.0/toolchain/avr8/avr8-gnu-toolchain/bin/../lib/gcc/avr/4.9.2/avr4\libgcc.a(_clear_bss.o)
 .text.libgcc.fmul
                0x00000000        0x0 c:/program files (x86)/atmel/studio/7.0/toolchain/avr8/avr8-gnu-toolchain/bin/../lib/gcc/avr/4.9.2/avr4\libgcc.a(_clear_bss.o)
 .text.libgcc.fixed
                0x00000000        0x0 c:/program files (x86)/atmel/studio/7.0/toolchain/avr8/avr8-gnu-toolchain/bin/../lib/gcc/avr/4.9.2/avr4\libgcc.a(_clear_bss.o)
 .text          0x00000000        0x0 c:/program files (x86)/atmel/studio/7.0/toolchain/avr8/avr8-gnu-toolchain/bin/../lib/gcc/avr/4.9.2/avr4\libgcc.a(_udivmodhi4.o)
 .data          0x00000000        0x0 c:/program files (x86)/atmel/studio/7.0/toolchain/avr8/avr8-gnu-toolchain/bin/../lib/gcc/avr/4.9.2/avr4\libgcc.a(_udivmodhi4.o)
 .bss           0x00000000        0x0 c:/program files (x86)/atmel/studio/7.0/toolchain/avr8/avr8-gnu-toolchain/bin/../lib/gcc/avr/4.9.2/avr4\libgcc.a(_udivmodhi4.o)
 .text.libgcc.mul
                0x00000000        0x0 c:/program files (x86)/atmel/studio/7.0/toolchain/avr8/avr8-gnu-toolchain/bin/../lib/gcc/avr/4.9.2/avr4\libgcc.a(_udivmodhi4.o)
 .text.libgcc.div
                0x00000000       0x28 c:/program files (x86)/atmel/studio/7.0/toolchain/avr8/avr8-gnu-toolchain/bin/../lib/gcc/avr/4.9.2/avr4\libgcc.a(_udivmodhi4.o)
 .text.libgcc   0x00000000        0x0 c:/program files (x86)/atmel/studio/7.0/toolchain/avr8/avr8-gnu-toolchain/bin/../lib/gcc/avr/4.9.2/avr4\libgcc.a(_udivmodhi4.o)
 .text.libgcc.prologue
                0x00000000        0x0 c:/program files (x86)/atmel/studio/7.0/toolchain/avr8/avr8-gnu-toolchain/bin/../lib/gcc/avr/4.9.2/avr4\libgcc.a(_udivmodhi4.o)
 .text.libgcc.builtins
                0x00000000        0x0 c:/program files (x86)/atmel/studio/7.0/toolchain/avr8/avr8-gnu-toolchain/bin/../lib/gcc/avr/4.9.2/avr4\libgcc.a(_udivmodhi4.o)
 .text.libgcc.fmul
                0x00000000        0x0 c:/program files (x86)/atmel/studio/7.0/toolchain/avr8/avr8-gnu-toolchain/bin/../lib/gcc/avr/4.9.2/avr4\libgcc.a(_udivmodhi4.o)
 .text.libgcc.fixed
                0x00000000        0x0 c:/program files (x86)/atmel/studio/7.0/toolchain/avr8/avr8-gnu-toolchain/bin/../lib/gcc/avr/4.9.2/avr4\libgcc.a(_udivmodhi4.o)

Memory Configuration

Name             Origin             Length             Attributes
text             0x00000000         0x00002000         xr
data             0x00800060         0x0000ffa0         rw !x
eeprom           0x00810000         0x00010000         rw !x
fuse             0x00820000         0x00000400         rw !x
lock             0x00830000         0x00000400         rw !x
signature        0x00840000         0x00000400         rw !x
user_signatures  0x00850000         0x00000400         rw !x
*default*        0x00000000         0xffffffff

Linker script and memory map

LOAD C:/Program Files (x86)/Atmel/Studio/7.0/Packs/atmel/ATmega_DFP/1.0.106/gcc/dev/atmega8/avr4/crtatmega8.o
LOAD main.o
LOAD sdk_atmega8/ADC.o
LOAD sdk_atmega8/I2C.o
LOAD sdk_atmega8/INT_EXT.o
LOAD sdk_atmega8/LCD_4Bits_I2C.o
LOAD sdk_atmega8/RTC.o
LOAD sdk_atmega8/Servo.o
LOAD sdk_atmega8/Sleep.o
LOAD sdk_atmega8/teclado4x4.o
LOAD sdk_atmega8/Timers.o
LOAD sdk_atmega8/USART.o
LOAD sdk_atmega8/WDT.o
START GROUP
LOAD c:/program files (x86)/atmel/studio/7.0/toolchain/avr8/avr8-gnu-toolchain/bin/../lib/gcc/avr/4.9.2/../../../../avr/lib/avr4\libm.a
END GROUP
START GROUP
LOAD c:/program files (x86)/atmel/studio/7.0/toolchain/avr8/avr8-gnu-toolchain/bin/../lib/gcc/avr/4.9.2/avr4\libgcc.a
LOAD c:/program files (x86)/atmel/studio/7.0/toolchain/avr8/avr8-gnu-toolchain/bin/../lib/gcc/avr/4.9.2/../../../../avr/lib/avr4\libm.a
LOAD c:/program files (x86)/atmel/studio/7.0/toolchain/avr8/avr8-gnu-toolchain/bin/../lib/gcc/avr/4.9.2/../../../../avr/lib/avr4\libc.a
LOAD C:/Program Files (x86)/Atmel/Studio/7.0/Packs/atmel/ATmega_DFP/1.0.106/gcc/dev/atmega8/avr4\libatmega8.a
END GROUP
                0x00002000                __TEXT_REGION_LENGTH__ = DEFINED (__TEXT_REGION_LENGTH__)?__TEXT_REGION_LENGTH__:0x2000
                0x0000ffa0                __DATA_REGION_LENGTH__ = DEFINED (__DATA_REGION_LENGTH__)?__DATA_REGION_LENGTH__:0xffa0
                0x00010000                __EEPROM_REGION_LENGTH__ = DEFINED (__EEPROM_REGION_LENGTH__)?__EEPROM_REGION_LENGTH__:0x10000
                0x00000400                __FUSE_REGION_LENGTH__ = DEFINED (__FUSE_REGION_LENGTH__)?__FUSE_REGION_LENGTH__:0x400
                0x00000400                __LOCK_REGION_LENGTH__ = DEFINED (__LOCK_REGION_LENGTH__)?__LOCK_REGION_LENGTH__:0x400
                0x00000400                __SIGNATURE_REGION_LENGTH__ = DEFINED (__SIGNATURE_REGION_LENGTH__)?__SIGNATURE_REGION_LENGTH__:0x400
                0x00000400                __USER_SIGNATURE_REGION_LENGTH__ = DEFINED (__USER_SIGNATURE_REGION_LENGTH__)?__USER_SIGNATURE_REGION_LENGTH__:0x400

.hash
 *(.hash)

.dynsym
 *(.dynsym)

.dynstr
 *(.dynstr)

.gnu.version
 *(.gnu.version)

.gnu.version_d
 *(.gnu.version_d)

.gnu.version_r
 *(.gnu.version_r)

.rel.init
 *(.rel.init)

.rela.init
 *(.rela.init)

.rel.text
 *(.rel.text)
 *(.rel.text.*)
 *(.rel.gnu.linkonce.t*)

.rela.text
 *(.rela.text)
 *(.rela.text.*)
 *(.rela.gnu.linkonce.t*)

.rel.fini
 *(.rel.fini)

.rela.fini
 *(.rela.fini)

.rel.rodata
 *(.rel.rodata)
 *(.rel.rodata.*)
 *(.rel.gnu.linkonce.r*)

.rela.rodata
 *(.rela.rodata)
 *(.rela.rodata.*)
 *(.rela.gnu.linkonce.r*)

.rel.data
 *(.rel.data)
 *(.rel.data.*)
 *(.rel.gnu.linkonce.d*)

.rela.data
 *(.rela.data)
 *(.rela.data.*)
 *(.rela.gnu.linkonce.d*)

.rel.ctors
 *(.rel.ctors)

.rela.ctors
 *(.rela.ctors)

.rel.dtors
 *(.rel.dtors)

.rela.dtors
 *(.rela.dtors)

.rel.got
 *(.rel.got)

.rela.got
 *(.rela.got)

.rel.bss
 *(.rel.bss)

.rela.bss
 *(.rela.bss)

.rel.plt
 *(.rel.plt)

.rela.plt
 *(.rela.plt)

.text           0x00000000      0x29e
 *(.vectors)
 .vectors       0x00000000       0x26 C:/Program Files (x86)/Atmel/Studio/7.0/Packs/atmel/ATmega_DFP/1.0.106/gcc/dev/atmega8/avr4/crtatmega8.o
                0x00000000                __vector_default
                0x00000000                __vectors
 *(.vectors)
 *(.progmem.gcc*)
 .progmem.gcc_sw_table.main
                0x00000026        0xe main.o
                0x00000034                . = ALIGN (0x2)
                0x00000034                __trampolines_start = .
 *(.trampolines)
 .trampolines   0x00000034        0x0 linker stubs
 *(.trampolines*)
                0x00000034                __trampolines_end = .
 *libprintf_flt.a:*(.progmem.data)
 *libc.a:*(.progmem.data)
 *(.progmem*)
                0x00000034                . = ALIGN (0x2)
 *(.jumptables)
 *(.jumptables*)
 *(.lowtext)
 *(.lowtext*)
                0x00000034                __ctors_start = .
 *(.ctors)
                0x00000034                __ctors_end = .
                0x00000034                __dtors_start = .
 *(.dtors)
                0x00000034                __dtors_end = .
 SORT(*)(.ctors)
 SORT(*)(.dtors)
 *(.init0)
 .init0         0x00000034        0x0 C:/Program Files (x86)/Atmel/Studio/7.0/Packs/atmel/ATmega_DFP/1.0.106/gcc/dev/atmega8/avr4/crtatmega8.o
                0x00000034                __init
 *(.init0)
 *(.init1)
 *(.init1)
 *(.init2)
 .init2         0x00000034        0xc C:/Program Files (x86)/Atmel/Studio/7.0/Packs/atmel/ATmega_DFP/1.0.106/gcc/dev/atmega8/avr4/crtatmega8.o
 *(.init2)
 *(.init3)
 *(.init3)
 *(.init4)
 .init4         0x00000040       0x16 c:/program files (x86)/atmel/studio/7.0/toolchain/avr8/avr8-gnu-toolchain/bin/../lib/gcc/avr/4.9.2/avr4\libgcc.a(_copy_data.o)
                0x00000040                __do_copy_data
 .init4         0x00000056       0x10 c:/program files (x86)/atmel/studio/7.0/toolchain/avr8/avr8-gnu-toolchain/bin/../lib/gcc/avr/4.9.2/avr4\libgcc.a(_clear_bss.o)
                0x00000056                __do_clear_bss
 *(.init4)
 *(.init5)
 *(.init5)
 *(.init6)
 *(.init6)
 *(.init7)
 *(.init7)
 *(.init8)
 *(.init8)
 *(.init9)
 .init9         0x00000066        0x4 C:/Program Files (x86)/Atmel/Studio/7.0/Packs/atmel/ATmega_DFP/1.0.106/gcc/dev/atmega8/avr4/crtatmega8.o
 *(.init9)
 *(.text)
 .text          0x0000006a        0x2 C:/Program Files (x86)/Atmel/Studio/7.0/Packs/atmel/ATmega_DFP/1.0.106/gcc/dev/atmega8/avr4/crtatmega8.o
                0x0000006a                __vector_1
                0x0000006a                __vector_12
                0x0000006a                __bad_interrupt
                0x0000006a                __vector_6
                0x0000006a                __vector_3
                0x0000006a                __vector_13
                0x0000006a                __vector_17
                0x0000006a                __vector_7
                0x0000006a                __vector_5
                0x0000006a                __vector_4
                0x0000006a                __vector_9
                0x0000006a                __vector_2
                0x0000006a                __vector_15
                0x0000006a                __vector_8
                0x0000006a                __vector_14
                0x0000006a                __vector_10
                0x0000006a                __vector_16
                0x0000006a                __vector_18
                0x0000006c                . = ALIGN (0x2)
 *(.text.*)
 .text.__vector_11
                0x0000006c       0x20 main.o
                0x0000006c                __vector_11
 .text.carro_girar_izquierda
                0x0000008c       0x48 main.o
                0x0000008c                carro_girar_izquierda
 .text.carro_girar_derecha
                0x000000d4       0x48 main.o
                0x000000d4                carro_girar_derecha
 .text.carro_frenar
                0x0000011c        0xa main.o
                0x0000011c                carro_frenar
 .text.carro_avanzar
                0x00000126        0xa main.o
                0x00000126                carro_avanzar
 .text.carro_acelerar
                0x00000130       0x10 main.o
                0x00000130                carro_acelerar
 .text.carro_retroceder
                0x00000140        0xa main.o
                0x00000140                carro_retroceder
 .text.carro_reversa
                0x0000014a       0x1e main.o
                0x0000014a                carro_reversa
 .text.startup.main
                0x00000168       0xce main.o
                0x00000168                main
 .text.Timer1_FasPWMMode
                0x00000236       0x24 sdk_atmega8/Timers.o
                0x00000236                Timer1_FasPWMMode
 .text.USART_receive
                0x0000025a        0x8 sdk_atmega8/USART.o
                0x0000025a                USART_receive
 .text.USART_init
                0x00000262       0x38 sdk_atmega8/USART.o
                0x00000262                USART_init
                0x0000029a                . = ALIGN (0x2)
 *(.fini9)
 .fini9         0x0000029a        0x0 c:/program files (x86)/atmel/studio/7.0/toolchain/avr8/avr8-gnu-toolchain/bin/../lib/gcc/avr/4.9.2/avr4\libgcc.a(_exit.o)
                0x0000029a                _exit
                0x0000029a                exit
 *(.fini9)
 *(.fini8)
 *(.fini8)
 *(.fini7)
 *(.fini7)
 *(.fini6)
 *(.fini6)
 *(.fini5)
 *(.fini5)
 *(.fini4)
 *(.fini4)
 *(.fini3)
 *(.fini3)
 *(.fini2)
 *(.fini2)
 *(.fini1)
 *(.fini1)
 *(.fini0)
 .fini0         0x0000029a        0x4 c:/program files (x86)/atmel/studio/7.0/toolchain/avr8/avr8-gnu-toolchain/bin/../lib/gcc/avr/4.9.2/avr4\libgcc.a(_exit.o)
 *(.fini0)
                0x0000029e                _etext = .

.data           0x00800060        0x2 load address 0x0000029e
                0x00800060                PROVIDE (__data_start, .)
 *(.data)
 *(.data*)
 .data.mostrar_hora
                0x00800060        0x1 main.o
                0x00800060                mostrar_hora
 *(.rodata)
 *(.rodata*)
 *(.gnu.linkonce.d*)
                0x00800062                . = ALIGN (0x2)
 *fill*         0x00800061        0x1 
                0x00800062                _edata = .
                0x00800062                PROVIDE (__data_end, .)

.bss            0x00800062        0x2
                0x00800062                PROVIDE (__bss_start, .)
 *(.bss)
 *(.bss*)
 .bss.esta_corriendo
                0x00800062        0x1 main.o
                0x00800062                esta_corriendo
 .bss.velocidad
                0x00800063        0x1 main.o
                0x00800063                velocidad
 *(COMMON)
                0x00800064                PROVIDE (__bss_end, .)
                0x0000029e                __data_load_start = LOADADDR (.data)
                0x000002a0                __data_load_end = (__data_load_start + SIZEOF (.data))

.noinit         0x00800064        0x0
                [!provide]                PROVIDE (__noinit_start, .)
 *(.noinit*)
                [!provide]                PROVIDE (__noinit_end, .)
                0x00800064                _end = .
                [!provide]                PROVIDE (__heap_start, .)

.eeprom         0x00810000        0x0
 *(.eeprom*)
                0x00810000                __eeprom_end = .

.fuse
 *(.fuse)
 *(.lfuse)
 *(.hfuse)
 *(.efuse)

.lock
 *(.lock*)

.signature
 *(.signature*)

.user_signatures
 *(.user_signatures*)

.stab
 *(.stab)

.stabstr
 *(.stabstr)

.stab.excl
 *(.stab.excl)

.stab.exclstr
 *(.stab.exclstr)

.stab.index
 *(.stab.index)

.stab.indexstr
 *(.stab.indexstr)

.comment        0x00000000       0x30
 *(.comment)
 .comment       0x00000000       0x30 main.o
                                 0x31 (size before relaxing)
 .comment       0x00000030       0x31 sdk_atmega8/Timers.o
 .comment       0x00000030       0x31 sdk_atmega8/USART.o

.note.gnu.avr.deviceinfo
                0x00000000       0x3c
 .note.gnu.avr.deviceinfo
                0x00000000       0x3c C:/Program Files (x86)/Atmel/Studio/7.0/Packs/atmel/ATmega_DFP/1.0.106/gcc/dev/atmega8/avr4/crtatmega8.o

.note.gnu.build-id
 *(.note.gnu.build-id)

.debug
 *(.debug)

.line
 *(.line)

.debug_srcinfo
 *(.debug_srcinfo)

.debug_sfnames
 *(.debug_sfnames)

.debug_aranges
 *(.debug_aranges)

.debug_pubnames
 *(.debug_pubnames)

.debug_info
 *(.debug_info .gnu.linkonce.wi.*)

.debug_abbrev
 *(.debug_abbrev)

.debug_line
 *(.debug_line .debug_line.* .debug_line_end)

.debug_frame
 *(.debug_frame)

.debug_str
 *(.debug_str)

.debug_loc
 *(.debug_loc)

.debug_macinfo
 *(.debug_macinfo)

.debug_weaknames
 *(.debug_weaknames)

.debug_funcnames
 *(.debug_funcnames)

.debug_typenames
 *(.debug_typenames)

.debug_varnames
 *(.debug_varnames)

.debug_pubtypes
 *(.debug_pubtypes)

.debug_ranges
 *(.debug_ranges)

.debug_macro
 *(.debug_macro)
OUTPUT(Carro.elf elf32-avr)
LOAD linker stubs
